.\venv\Scripts\python.exe : Traceback (most recent call last):
At line:1 char:1
+ .\venv\Scripts\python.exe -c "from PyQt6.QtWidgets import QApplicatio ...
+ ~~~~~~~~~~~~~~~~~~~~~~~~~~~~~~~~~~~~~~~~~~~~~~~~~~~~~~~~~~~~~~~~~~~~~
    + CategoryInfo          : NotSpecified: (Traceback (most recent call last): 
   :String) [], RemoteException
    + FullyQualifiedErrorId : NativeCommandError
 
  File "<string>", line 1, in <module>
ImportError: DLL load failed while importing QtWidgets: The specified procedure 
could not be found.
